Lam (Inf (Ind 0))
Lam (Lam (Inf (Ind 1)))
Const "y"
Const "u"
Right ()
Right ()
Right ()
Right ()
Right (Const "a")
Right (Const "a")
Inf (Nam (Const "y"))
Inf (Nam (Const "u"))
Lam (Inf (Ind 0))
Lam (Lam (Inf (Ind 1)))
typechecks.
